[oasse.vercel.app/index.html]
[backblue.gif]
[fade.gif]
[index.html]
[oasse.vercel.app/favicon.ico]
[oasse.vercel.app/_next/static/css/876d048b5dab7c28.css]
[oasse.vercel.app/_next/static/css/70d1e32f0c087c62.css]
[oasse.vercel.app/_next/static/chunks/polyfills-c67a75d1b6f99dc8.js]
[oasse.vercel.app/_next/static/chunks/webpack-8fa1640cc84ba8fe.js]
[oasse.vercel.app/_next/static/chunks/framework-2c79e2a64abdb08b.js]
[oasse.vercel.app/_next/static/chunks/main-0c597b21730512df.js]
[oasse.vercel.app/_next/static/chunks/pages/_app-8d844a22b5bc2cbf.js]
[oasse.vercel.app/_next/static/chunks/pages/index-11b5e1f0153b6148.js]
[oasse.vercel.app/_next/static/E82qd-GWj6KrqR1_ohWa3/_buildManifest.js]
[oasse.vercel.app/_next/static/E82qd-GWj6KrqR1_ohWa3/_ssgManifest.js]
[oasse.vercel.app/_next/banner55a8.jpg]
[oasse.vercel.app/index.html]
[oasse.vercel.app/_next/static/css/876d048b5dab7c28.css]
[oasse.vercel.app/_next/static/css/70d1e32f0c087c62.css]
[static.elfsight.com/platform/platform.js]
